2025/3/14 13:42:56 - Email: 123@qq.com - Verification Code: 5bf8
2025/3/14 18:53:52 - Email: 123123@qq.com - Verification Code: 0bae
2025/3/14 19:15:34 - Email: 123@qq.com - Verification Code: a035
2025/3/14 19:17:19 - Email: 123@q.com - Verification Code: b59a
2025/3/14 20:08:40 - Email: 123123@qq.com - Verification Code: 97b6
2025/3/14 20:10:56 - Email: qwe12@qq.com - Verification Code: 4e02
2025/3/14 20:21:03 - Email: xxx@qq.com - Verification Code: ac23
2025/3/14 20:57:12 - Email: 123@qq.com - Verification Code: a3bf
2025/3/14 21:04:50 - Email: xxx@qq.com - Verification Code: e2d4
2025/3/14 21:04:52 - Email: xxx@qq.com - Verification Code: e2d4
2025/3/14 21:05:55 - Email: qwe12@qq.com - Verification Code: 98e6
2025/3/21 14:32:56 - Email: 1871762140@qq.com - Verification Code: 2a0e
2025/3/31 10:43:34 - Email: 123@qq.com - Verification Code: 14d1
2025/3/31 10:49:26 - Email: 123@qq.com - Verification Code: 14d1
2025/3/31 10:53:36 - Email: qwe@qq.com - Verification Code: e69c
2025/3/31 10:56:30 - Email: 123@qq.com - Verification Code: 43ec
2025/3/31 10:57:53 - Email: xmy@qq.com - Verification Code: b541
2025/3/31 11:04:08 - Email: 123@qq.com - Verification Code: 43ec
2025/4/4 17:15:50 - Email: qwe@qq.com - Verification Code: 769c
2025/4/4 17:30:03 - Email: 123123@qq.com - Verification Code: 87cb
2025/4/4 20:39:17 - Email: 123@qq.com - Verification Code: 7dc5
2025/4/4 20:44:00 - Email: xmy@qq.com - Verification Code: 9aba
2025/4/4 21:42:47 - Email: qwe@qq.com - Verification Code: c8de
2025/4/7 10:02:08 - Email: xmy@qq.com - Verification Code: 11ce
2025/4/7 10:04:14 - Email: 123@qq.com - Verification Code: 90c5
2025/4/8 17:10:15 - Email: qwe@qq.com - Verification Code: fbec
